Vivado Simulator 2018.2
Copyright 1986-1999, 2001-2018 Xilinx, Inc. All Rights Reserved.
Running: D:/xillinx/Vivado/2018.2/bin/unwrapped/win64.o/xelab.exe -wto 66cfca0f61974003acf27a21721c6500 --incr --debug typical --relax --mt 2 -L xil_defaultlib -L unisims_ver -L unimacro_ver -L secureip --snapshot core_tb_behav xil_defaultlib.core_tb xil_defaultlib.glbl -log elaborate.log 
Using 2 slave threads.
Starting static elaboration
Completed static elaboration
Starting simulation data flow analysis
WARNING: [XSIM 43-4099] "D:/Single_Cycle_RV32I_Core/core.v" Line 2. Module core doesn't have a timescale but at least one module in design has a timescale.
WARNING: [XSIM 43-4099] "D:/Single_Cycle_RV32I_Core/PC.v" Line 1. Module pc doesn't have a timescale but at least one module in design has a timescale.
WARNING: [XSIM 43-4099] "D:/Single_Cycle_RV32I_Core/adder.v" Line 1. Module adder doesn't have a timescale but at least one module in design has a timescale.
WARNING: [XSIM 43-4099] "D:/Single_Cycle_RV32I_Core/instruction_memory.v" Line 1. Module instruction_memory doesn't have a timescale but at least one module in design has a timescale.
WARNING: [XSIM 43-4099] "D:/Single_Cycle_RV32I_Core/control_unit.v" Line 1. Module control_unit doesn't have a timescale but at least one module in design has a timescale.
WARNING: [XSIM 43-4099] "D:/Single_Cycle_RV32I_Core/register_file.v" Line 1. Module register_file doesn't have a timescale but at least one module in design has a timescale.
WARNING: [XSIM 43-4099] "D:/Single_Cycle_RV32I_Core/imm_generator.v" Line 1. Module imm_generator doesn't have a timescale but at least one module in design has a timescale.
WARNING: [XSIM 43-4099] "D:/Single_Cycle_RV32I_Core/alu_control_unit.v" Line 1. Module alu_control_unit doesn't have a timescale but at least one module in design has a timescale.
WARNING: [XSIM 43-4099] "D:/Single_Cycle_RV32I_Core/mux.v" Line 1. Module mux doesn't have a timescale but at least one module in design has a timescale.
WARNING: [XSIM 43-4099] "D:/Single_Cycle_RV32I_Core/alu.v" Line 1. Module alu doesn't have a timescale but at least one module in design has a timescale.
WARNING: [XSIM 43-4099] "D:/Single_Cycle_RV32I_Core/data_memory.v" Line 1. Module data_memory doesn't have a timescale but at least one module in design has a timescale.
WARNING: [XSIM 43-4099] "D:/Single_Cycle_RV32I_Core/mux.v" Line 1. Module mux doesn't have a timescale but at least one module in design has a timescale.
WARNING: [XSIM 43-4099] "D:/Single_Cycle_RV32I_Core/adder.v" Line 1. Module adder doesn't have a timescale but at least one module in design has a timescale.
WARNING: [XSIM 43-4099] "D:/Single_Cycle_RV32I_Core/mux.v" Line 1. Module mux doesn't have a timescale but at least one module in design has a timescale.
Completed simulation data flow analysis
Time Resolution for simulation is 1ps
Compiling module xil_defaultlib.pc
Compiling module xil_defaultlib.adder
Compiling module xil_defaultlib.instruction_memory
Compiling module xil_defaultlib.control_unit
Compiling module xil_defaultlib.register_file
Compiling module xil_defaultlib.imm_generator
Compiling module xil_defaultlib.alu_control_unit
Compiling module xil_defaultlib.mux
Compiling module xil_defaultlib.alu
Compiling module xil_defaultlib.data_memory
Compiling module xil_defaultlib.core
Compiling module xil_defaultlib.core_tb
Compiling module xil_defaultlib.glbl
Built simulation snapshot core_tb_behav
