Vivado Simulator 2018.2
Time resolution is 1 ps
Time: 0 | PC: 00000000 | Inst: 123452b7 | Result (x4): 00000000
Time: 15000 | PC: 00000004 | Inst: xxxxxxxx | Result (x4): 00000000
Time: 25000 | PC: 00000008 | Inst: xxxxxxxx | Result (x4): 00000000
Time: 35000 | PC: 0000000c | Inst: xxxxxxxx | Result (x4): 00000000
Time: 45000 | PC: 00000010 | Inst: xxxxxxxx | Result (x4): 00000000
Time: 55000 | PC: 00000014 | Inst: xxxxxxxx | Result (x4): 00000000
Time: 65000 | PC: 00000018 | Inst: xxxxxxxx | Result (x4): 00000000
Time: 75000 | PC: 0000001c | Inst: xxxxxxxx | Result (x4): 00000000
Time: 85000 | PC: 00000020 | Inst: xxxxxxxx | Result (x4): 00000000
Time: 95000 | PC: 00000024 | Inst: xxxxxxxx | Result (x4): 00000000
Time: 105000 | PC: 00000028 | Inst: xxxxxxxx | Result (x4): 00000000
Time: 115000 | PC: 0000002c | Inst: xxxxxxxx | Result (x4): 00000000
Time: 125000 | PC: 00000030 | Inst: xxxxxxxx | Result (x4): 00000000
Time: 135000 | PC: 00000034 | Inst: xxxxxxxx | Result (x4): 00000000
Time: 145000 | PC: 00000038 | Inst: xxxxxxxx | Result (x4): 00000000
Time: 155000 | PC: 0000003c | Inst: xxxxxxxx | Result (x4): 00000000
Time: 165000 | PC: 00000040 | Inst: xxxxxxxx | Result (x4): 00000000
Time: 175000 | PC: 00000044 | Inst: xxxxxxxx | Result (x4): 00000000
Time: 185000 | PC: 00000048 | Inst: xxxxxxxx | Result (x4): 00000000
Time: 195000 | PC: 0000004c | Inst: xxxxxxxx | Result (x4): 00000000
$finish called at time : 200 ns : File "D:/Single_Cycle_RV32I_Core/core_tb.v" Line 33
